<?xml version="1.0" encoding="utf-16"?>
<Thing xmlns:xsi="http://www.w3.org/2001/XMLSchema-instance" xmlns:xsd="http://www.w3.org/2001/XMLSchema">
  <Name>Thing Name</Name>
  <Description>Thing Description</Description>
</Thing>