items[0] = item1
items[1] = item2
items[2] = item3
