Received File
  View
  Copy Filename
  Show in Explorer
Load Approval
