Approved
  View
  Copy Filename
  Replace Approval
