StaticClass.StaticMethodReturningPrimitive
	Calls: 2
