CheckPoint.Tests.Model..ctor
CheckPoint.Tests.Model.Call1
CheckPoint.Tests.Model.Call2
