Manually Defined Checkpoint Convert To XML
	Calls: 1
