StaticClass.StaticMethodReturningType
	Calls: 1
