InstanceType.MethodReturningPrimitive
	Calls: 2
