<html>
  <body>
    <li>Spun</li>
  </body>
</html>