<html>
  <body>
    <h1> Companies starting with 'M'</h1>
    <li>Motorola</li>
  </body>
</html>