StaticClass.StaticMethodReturningPrimitive
	Calls: 1
