tortoiseidiff /left:"../../b.png" /right:"../../a.png"