tortoisemerge.exe /base:"../../b.txt" /mine:"../../a.txt"