C:\Program Files (x86)\TortoiseSVN\bin\TortoiseIDiff.exe /left:"../../b.png" /right:"../../a.png"