"C:\Program Files\TortoiseSVN\bin\tortoisemerge.exe" "../../b.txt" "../../a.txt"