C:\Program Files (x86)\Beyond Compare 3\BCompare.exe "../../b.png" "../../a.png"