C:\Program Files (x86)\WinMerge\WinMergeU.exe "../../b.txt" "../../a.txt"