InstanceType.MethodReturningPrimitive
	Calls: 1
