
SELECT i.Insult, i.BurnLevel
		FROM Insults i
		WHERE 5 <= i.BurnLevel 
				AND i.NumberOfWords <= 7