06/05/2011 10:30:00 AM ~000020ms Variable: name = 'Llewellyn'
06/05/2011 10:30:00 AM ~000020ms Variable: name = 'Llewellyn'
06/05/2011 10:30:00 AM ~000020ms Variable: name = 'Llewellyn'
