Increased feedback on[0] = I am
Increased feedback on[1] = Sam
