Number[0] = 3
Number[1] = 3
Number[2] = 5
Number[3] = 4
